08 00 00 00 00 00 00 00
e8 ff ff ff 00 00 00 00
00 00 00 00 00 00 00 00
10 00 00 00 00 00 00 00
08 00 18 00 08 00 10 00
02 00 00 00 0c 00 00 00
80 00 00 00 00 00 00 00
c8 ff ff ff 00 00 00 00
40 00 00 00 00 00 00 00
01 00 00 00 00 00 00 00
06 00 00 00 00 00 00 00
40 00 00 00 00 00 00 00
00 00 00 00 00 00 00 00
40 00 00 00 00 00 00 00
10 00 38 00 08 00 10 00
18 00 20 00 00 00 30 00
13 00 00 00 72 65 63 65
6e 74 6c 79 5f 61 64 64
65 64 5f 70 6f 73 74 00
f8 ff ff ff 00 00 00 00
04 00 08 00 00 00 00 00
00 00 00 00 00 00 00 00
c8 ff ff ff 00 00 00 00
40 00 00 00 00 00 00 00
01 00 00 00 00 00 00 00
02 00 00 00 00 00 00 00
38 00 00 00 00 00 00 00
00 00 00 00 00 00 00 00
48 00 00 00 00 00 00 00
10 00 38 00 08 00 10 00
18 00 20 00 00 00 30 00
05 00 00 00 6c 69 6b 65
73 00 00 00 00 00 00 00
e8 ff ff ff 00 00 00 00
40 00 00 00 00 00 00 00
01 00 00 00 00 00 00 00
08 00 18 00 08 00 10 00
00 00 00 00 00 00 00 00
