08 00 00 00 00 00 00 00
e8 ff ff ff 00 00 00 00
01 00 00 00 00 00 00 00
10 00 00 00 00 00 00 00
08 00 18 00 08 00 10 00
01 00 00 00 04 00 00 00
c8 ff ff ff 00 00 00 00
40 00 00 00 00 00 00 00
01 00 00 00 00 00 00 00
06 00 00 00 00 00 00 00
38 00 00 00 00 00 00 00
00 00 00 00 00 00 00 00
38 00 00 00 00 00 00 00
10 00 38 00 08 00 10 00
18 00 20 00 00 00 30 00
06 00 00 00 61 63 74 69
76 65 00 00 00 00 00 00
f8 ff ff ff 00 00 00 00
04 00 08 00 00 00 00 00
00 00 00 00 00 00 00 00
