08 00 00 00 00 00 00 00
e8 ff ff ff 00 00 00 00
23 01 00 00 00 00 00 00
ba 6c 00 00 00 00 00 00
08 00 18 00 08 00 10 00
