08 00 00 00 00 00 00 00
e0 ff ff ff 00 00 00 00
28 00 00 00 00 00 00 00
d8 00 00 00 00 00 00 00
2b 00 00 00 00 00 00 00
0a 00 20 00 08 00 10 00
18 00 00 00 00 00 00 00
05 00 00 00 73 75 6c 6c
79 00 00 00 00 00 00 00
